// Jest Snapshot v1, https://goo.gl/fbAQLP

exports[`FamilyMemberName renders the page 1`] = `
<QuestionPage
  onSave={[Function]}
  title="Leave details"
>
  <Fieldset>
    <FormLabel
      component="legend"
      hint="Fill out their name as it appears on official documents like their driver’s license or W‑2."
    >
      What is your family member's name?
    </FormLabel>
    <InputText
      label="First name"
      name="leave_details.caring_leave_metadata.family_member_first_name"
      onChange={[Function]}
      smallLabel={true}
      value="Aquib"
    />
    <InputText
      label="Middle name"
      name="leave_details.caring_leave_metadata.family_member_middle_name"
      onChange={[Function]}
      optionalText="(optional)"
      smallLabel={true}
      value="Cricketer"
    />
    <InputText
      label="Last name"
      name="leave_details.caring_leave_metadata.family_member_last_name"
      onChange={[Function]}
      smallLabel={true}
      value="Khan"
    />
  </Fieldset>
</QuestionPage>
`;
