// Jest Snapshot v1, https://goo.gl/fbAQLP

exports[`Applications when multiple claims exist renders application card when feature flags are enabled 1`] = `
Array [
  <ApplicationCard
    appLogic={
      Object {
        "_appErrorsLogic": Object {
          "catchError": [Function],
          "clearErrors": [Function],
          "clearRequiredFieldErrors": [Function],
          "setAppErrors": [Function],
        },
        "appErrors": AppErrorInfoCollection {
          "items": Array [],
          "itemsById": Object {},
        },
        "auth": Object {
          "authData": Object {},
          "createAccount": [Function],
          "createEmployerAccount": [Function],
          "forgotPassword": [Function],
          "isLoggedIn": null,
          "login": [Function],
          "logout": [Function],
          "requireLogin": [Function],
          "resendForgotPasswordCode": [Function],
          "resendVerifyAccountCode": [Function],
          "resetPassword": [Function],
          "verifyAccount": [Function],
        },
        "benefitsApplications": Object {
          "benefitsApplications": BenefitsApplicationCollection {
            "items": Array [
              BenefitsApplication {
                "application_id": "mock_application_id",
                "concurrent_leave": null,
                "created_at": null,
                "date_of_birth": null,
                "employer_benefits": Array [],
                "employer_fein": null,
                "employment_status": null,
                "fineos_absence_id": null,
                "first_name": null,
                "gender": null,
                "has_concurrent_leave": null,
                "has_continuous_leave_periods": null,
                "has_employer_benefits": null,
                "has_intermittent_leave_periods": null,
                "has_mailing_address": null,
                "has_other_incomes": null,
                "has_previous_leaves_other_reason": null,
                "has_previous_leaves_same_reason": null,
                "has_reduced_schedule_leave_periods": null,
                "has_state_id": null,
                "has_submitted_payment_preference": null,
                "hours_worked_per_week": null,
                "last_name": null,
                "leave_details": Object {
                  "caring_leave_metadata": null,
                  "child_birth_date": null,
                  "child_placement_date": null,
                  "employer_notified": null,
                  "has_future_child_date": null,
                  "pregnant_or_recent_birth": null,
                  "reason_qualifier": null,
                },
                "mailing_address": null,
                "mass_id": null,
                "middle_name": null,
                "other_incomes": Array [],
                "payment_preference": null,
                "phone": Object {
                  "int_code": null,
                  "phone_number": null,
                  "phone_type": null,
                },
                "previous_leaves_other_reason": Array [],
                "previous_leaves_same_reason": Array [],
                "residential_address": Address {
                  "city": null,
                  "line_1": null,
                  "line_2": null,
                  "state": null,
                  "zip": null,
                },
                "status": "Started",
                "tax_identifier": null,
                "work_pattern": null,
              },
              BenefitsApplication {
                "application_id": "mock_application_id",
                "concurrent_leave": null,
                "created_at": null,
                "date_of_birth": "****-07-17",
                "employer_benefits": Array [],
                "employer_fein": "12-3456789",
                "employment_status": "Employed",
                "fineos_absence_id": "NTN-111-ABS-01",
                "first_name": "Jane",
                "gender": "Woman",
                "has_concurrent_leave": false,
                "has_continuous_leave_periods": true,
                "has_employer_benefits": false,
                "has_intermittent_leave_periods": null,
                "has_mailing_address": false,
                "has_other_incomes": false,
                "has_previous_leaves_other_reason": false,
                "has_previous_leaves_same_reason": false,
                "has_reduced_schedule_leave_periods": null,
                "has_state_id": true,
                "has_submitted_payment_preference": null,
                "hours_worked_per_week": 30,
                "last_name": "Doe",
                "leave_details": Object {
                  "caring_leave_metadata": null,
                  "child_birth_date": null,
                  "child_placement_date": null,
                  "continuous_leave_periods": Array [
                    ContinuousLeavePeriod {
                      "end_date": "2021-06-01",
                      "leave_period_id": "mock-leave-period-id",
                      "start_date": "2021-01-01",
                    },
                  ],
                  "employer_notification_date": "2021-01-01",
                  "employer_notified": true,
                  "has_future_child_date": null,
                  "pregnant_or_recent_birth": null,
                  "reason": "Serious Health Condition - Employee",
                  "reason_qualifier": null,
                },
                "mailing_address": null,
                "mass_id": "*********",
                "middle_name": "",
                "other_incomes": Array [],
                "payment_preference": null,
                "phone": Object {
                  "int_code": null,
                  "phone_number": "123-456-****",
                  "phone_type": "Cell",
                },
                "previous_leaves_other_reason": Array [],
                "previous_leaves_same_reason": Array [],
                "residential_address": Address {
                  "city": "Boston",
                  "line_1": "1234 My St.",
                  "line_2": null,
                  "state": "MA",
                  "zip": "00000",
                },
                "status": "Submitted",
                "tax_identifier": "***-**-****",
                "work_pattern": WorkPattern {
                  "work_pattern_days": Array [
                    WorkPatternDay {
                      "day_of_week": "Sunday",
                      "minutes": null,
                    },
                    WorkPatternDay {
                      "day_of_week": "Monday",
                      "minutes": null,
                    },
                    WorkPatternDay {
                      "day_of_week": "Tuesday",
                      "minutes": null,
                    },
                    WorkPatternDay {
                      "day_of_week": "Wednesday",
                      "minutes": null,
                    },
                    WorkPatternDay {
                      "day_of_week": "Thursday",
                      "minutes": null,
                    },
                    WorkPatternDay {
                      "day_of_week": "Friday",
                      "minutes": null,
                    },
                    WorkPatternDay {
                      "day_of_week": "Saturday",
                      "minutes": null,
                    },
                  ],
                  "work_pattern_type": "Fixed",
                },
              },
              BenefitsApplication {
                "application_id": "mock_application_id",
                "concurrent_leave": null,
                "created_at": null,
                "date_of_birth": "****-07-17",
                "employer_benefits": Array [],
                "employer_fein": "12-3456789",
                "employment_status": "Employed",
                "fineos_absence_id": "NTN-111-ABS-01",
                "first_name": "Jane",
                "gender": "Woman",
                "has_concurrent_leave": false,
                "has_continuous_leave_periods": true,
                "has_employer_benefits": false,
                "has_intermittent_leave_periods": null,
                "has_mailing_address": false,
                "has_other_incomes": false,
                "has_previous_leaves_other_reason": false,
                "has_previous_leaves_same_reason": false,
                "has_reduced_schedule_leave_periods": null,
                "has_state_id": true,
                "has_submitted_payment_preference": true,
                "hours_worked_per_week": 30,
                "last_name": "Doe",
                "leave_details": Object {
                  "caring_leave_metadata": null,
                  "child_birth_date": null,
                  "child_placement_date": null,
                  "continuous_leave_periods": Array [
                    ContinuousLeavePeriod {
                      "end_date": "2021-06-01",
                      "leave_period_id": "mock-leave-period-id",
                      "start_date": "2021-01-01",
                    },
                  ],
                  "employer_notification_date": "2021-01-01",
                  "employer_notified": true,
                  "has_future_child_date": null,
                  "pregnant_or_recent_birth": null,
                  "reason": "Serious Health Condition - Employee",
                  "reason_qualifier": null,
                },
                "mailing_address": null,
                "mass_id": "*********",
                "middle_name": "",
                "other_incomes": Array [],
                "payment_preference": Object {
                  "account_number": "091000022",
                  "bank_account_type": "Checking",
                  "payment_method": "Elec Funds Transfer",
                  "routing_number": "1234567890",
                },
                "phone": Object {
                  "int_code": null,
                  "phone_number": "123-456-****",
                  "phone_type": "Cell",
                },
                "previous_leaves_other_reason": Array [],
                "previous_leaves_same_reason": Array [],
                "residential_address": Address {
                  "city": "Boston",
                  "line_1": "1234 My St.",
                  "line_2": null,
                  "state": "MA",
                  "zip": "00000",
                },
                "status": "Completed",
                "tax_identifier": "***-**-****",
                "work_pattern": WorkPattern {
                  "work_pattern_days": Array [
                    WorkPatternDay {
                      "day_of_week": "Sunday",
                      "minutes": null,
                    },
                    WorkPatternDay {
                      "day_of_week": "Monday",
                      "minutes": null,
                    },
                    WorkPatternDay {
                      "day_of_week": "Tuesday",
                      "minutes": null,
                    },
                    WorkPatternDay {
                      "day_of_week": "Wednesday",
                      "minutes": null,
                    },
                    WorkPatternDay {
                      "day_of_week": "Thursday",
                      "minutes": null,
                    },
                    WorkPatternDay {
                      "day_of_week": "Friday",
                      "minutes": null,
                    },
                    WorkPatternDay {
                      "day_of_week": "Saturday",
                      "minutes": null,
                    },
                  ],
                  "work_pattern_type": "Fixed",
                },
              },
            ],
            "itemsById": Object {
              "mock_application_id": BenefitsApplication {
                "application_id": "mock_application_id",
                "concurrent_leave": null,
                "created_at": null,
                "date_of_birth": "****-07-17",
                "employer_benefits": Array [],
                "employer_fein": "12-3456789",
                "employment_status": "Employed",
                "fineos_absence_id": "NTN-111-ABS-01",
                "first_name": "Jane",
                "gender": "Woman",
                "has_concurrent_leave": false,
                "has_continuous_leave_periods": true,
                "has_employer_benefits": false,
                "has_intermittent_leave_periods": null,
                "has_mailing_address": false,
                "has_other_incomes": false,
                "has_previous_leaves_other_reason": false,
                "has_previous_leaves_same_reason": false,
                "has_reduced_schedule_leave_periods": null,
                "has_state_id": true,
                "has_submitted_payment_preference": true,
                "hours_worked_per_week": 30,
                "last_name": "Doe",
                "leave_details": Object {
                  "caring_leave_metadata": null,
                  "child_birth_date": null,
                  "child_placement_date": null,
                  "continuous_leave_periods": Array [
                    ContinuousLeavePeriod {
                      "end_date": "2021-06-01",
                      "leave_period_id": "mock-leave-period-id",
                      "start_date": "2021-01-01",
                    },
                  ],
                  "employer_notification_date": "2021-01-01",
                  "employer_notified": true,
                  "has_future_child_date": null,
                  "pregnant_or_recent_birth": null,
                  "reason": "Serious Health Condition - Employee",
                  "reason_qualifier": null,
                },
                "mailing_address": null,
                "mass_id": "*********",
                "middle_name": "",
                "other_incomes": Array [],
                "payment_preference": Object {
                  "account_number": "091000022",
                  "bank_account_type": "Checking",
                  "payment_method": "Elec Funds Transfer",
                  "routing_number": "1234567890",
                },
                "phone": Object {
                  "int_code": null,
                  "phone_number": "123-456-****",
                  "phone_type": "Cell",
                },
                "previous_leaves_other_reason": Array [],
                "previous_leaves_same_reason": Array [],
                "residential_address": Address {
                  "city": "Boston",
                  "line_1": "1234 My St.",
                  "line_2": null,
                  "state": "MA",
                  "zip": "00000",
                },
                "status": "Completed",
                "tax_identifier": "***-**-****",
                "work_pattern": WorkPattern {
                  "work_pattern_days": Array [
                    WorkPatternDay {
                      "day_of_week": "Sunday",
                      "minutes": null,
                    },
                    WorkPatternDay {
                      "day_of_week": "Monday",
                      "minutes": null,
                    },
                    WorkPatternDay {
                      "day_of_week": "Tuesday",
                      "minutes": null,
                    },
                    WorkPatternDay {
                      "day_of_week": "Wednesday",
                      "minutes": null,
                    },
                    WorkPatternDay {
                      "day_of_week": "Thursday",
                      "minutes": null,
                    },
                    WorkPatternDay {
                      "day_of_week": "Friday",
                      "minutes": null,
                    },
                    WorkPatternDay {
                      "day_of_week": "Saturday",
                      "minutes": null,
                    },
                  ],
                  "work_pattern_type": "Fixed",
                },
              },
            },
          },
          "complete": [Function],
          "create": [Function],
          "hasLoadedAll": true,
          "hasLoadedBenefitsApplicationAndWarnings": [Function],
          "load": [Function],
          "loadAll": [MockFunction],
          "submit": [Function],
          "submitPaymentPreference": [Function],
          "update": [Function],
          "warningsLists": Object {},
        },
        "catchError": [Function],
        "claims": Object {
          "activeFilters": Object {},
          "claims": ClaimCollection {
            "items": Array [],
            "itemsById": Object {},
          },
          "clearClaims": [Function],
          "isLoadingClaims": undefined,
          "loadPage": [Function],
          "paginationMeta": PaginationMeta {
            "order_by": undefined,
            "order_direction": undefined,
            "page_offset": undefined,
            "page_size": undefined,
            "total_pages": undefined,
            "total_records": undefined,
          },
        },
        "clearErrors": [Function],
        "clearRequiredFieldErrors": [Function],
        "documents": Object {
          "attach": [Function],
          "documents": DocumentCollection {
            "items": Array [],
            "itemsById": Object {},
          },
          "download": [Function],
          "hasLoadedClaimDocuments": [Function],
          "loadAll": [Function],
        },
        "employers": Object {
          "addEmployer": [Function],
          "claim": null,
          "documents": null,
          "downloadDocument": [Function],
          "loadClaim": [Function],
          "loadDocuments": [Function],
          "loadWithholding": [Function],
          "submitClaimReview": [Function],
          "submitWithholding": [Function],
        },
        "featureFlags": Object {
          "flags": Array [],
          "getFlag": [Function],
          "loadFlags": [Function],
        },
        "otherLeaves": Object {
          "removeEmployerBenefit": [Function],
          "removeOtherIncome": [Function],
          "removePreviousLeave": [Function],
        },
        "portalFlow": Object {
          "getNextPageRoute": [Function],
          "goTo": [Function],
          "goToNextPage": [Function],
          "goToPageFor": [Function],
          "page": Object {
            "meta": Object {},
            "on": Object {
              "CONTINUE": "/applications/upload-docs-options",
            },
          },
          "pathWithParams": "",
          "pathname": "/applications",
          "updateQuery": [Function],
        },
        "setAppErrors": [Function],
        "users": Object {
          "convertUser": [Function],
          "loadUser": [Function],
          "requireUserConsentToDataAgreement": [Function],
          "requireUserRole": [Function],
          "setUser": [Function],
          "updateUser": [Function],
          "user": User {
            "auth_id": null,
            "consented_to_data_sharing": true,
            "email_address": null,
            "roles": Array [],
            "status": null,
            "user_id": null,
            "user_leave_administrators": Array [],
          },
        },
      }
    }
    claim={
      BenefitsApplication {
        "application_id": "mock_application_id",
        "concurrent_leave": null,
        "created_at": null,
        "date_of_birth": null,
        "employer_benefits": Array [],
        "employer_fein": null,
        "employment_status": null,
        "fineos_absence_id": null,
        "first_name": null,
        "gender": null,
        "has_concurrent_leave": null,
        "has_continuous_leave_periods": null,
        "has_employer_benefits": null,
        "has_intermittent_leave_periods": null,
        "has_mailing_address": null,
        "has_other_incomes": null,
        "has_previous_leaves_other_reason": null,
        "has_previous_leaves_same_reason": null,
        "has_reduced_schedule_leave_periods": null,
        "has_state_id": null,
        "has_submitted_payment_preference": null,
        "hours_worked_per_week": null,
        "last_name": null,
        "leave_details": Object {
          "caring_leave_metadata": null,
          "child_birth_date": null,
          "child_placement_date": null,
          "employer_notified": null,
          "has_future_child_date": null,
          "pregnant_or_recent_birth": null,
          "reason_qualifier": null,
        },
        "mailing_address": null,
        "mass_id": null,
        "middle_name": null,
        "other_incomes": Array [],
        "payment_preference": null,
        "phone": Object {
          "int_code": null,
          "phone_number": null,
          "phone_type": null,
        },
        "previous_leaves_other_reason": Array [],
        "previous_leaves_same_reason": Array [],
        "residential_address": Address {
          "city": null,
          "line_1": null,
          "line_2": null,
          "state": null,
          "zip": null,
        },
        "status": "Started",
        "tax_identifier": null,
        "work_pattern": null,
      }
    }
    key="mock_application_id"
    number={1}
  />,
  <ApplicationCard
    appLogic={
      Object {
        "_appErrorsLogic": Object {
          "catchError": [Function],
          "clearErrors": [Function],
          "clearRequiredFieldErrors": [Function],
          "setAppErrors": [Function],
        },
        "appErrors": AppErrorInfoCollection {
          "items": Array [],
          "itemsById": Object {},
        },
        "auth": Object {
          "authData": Object {},
          "createAccount": [Function],
          "createEmployerAccount": [Function],
          "forgotPassword": [Function],
          "isLoggedIn": null,
          "login": [Function],
          "logout": [Function],
          "requireLogin": [Function],
          "resendForgotPasswordCode": [Function],
          "resendVerifyAccountCode": [Function],
          "resetPassword": [Function],
          "verifyAccount": [Function],
        },
        "benefitsApplications": Object {
          "benefitsApplications": BenefitsApplicationCollection {
            "items": Array [
              BenefitsApplication {
                "application_id": "mock_application_id",
                "concurrent_leave": null,
                "created_at": null,
                "date_of_birth": null,
                "employer_benefits": Array [],
                "employer_fein": null,
                "employment_status": null,
                "fineos_absence_id": null,
                "first_name": null,
                "gender": null,
                "has_concurrent_leave": null,
                "has_continuous_leave_periods": null,
                "has_employer_benefits": null,
                "has_intermittent_leave_periods": null,
                "has_mailing_address": null,
                "has_other_incomes": null,
                "has_previous_leaves_other_reason": null,
                "has_previous_leaves_same_reason": null,
                "has_reduced_schedule_leave_periods": null,
                "has_state_id": null,
                "has_submitted_payment_preference": null,
                "hours_worked_per_week": null,
                "last_name": null,
                "leave_details": Object {
                  "caring_leave_metadata": null,
                  "child_birth_date": null,
                  "child_placement_date": null,
                  "employer_notified": null,
                  "has_future_child_date": null,
                  "pregnant_or_recent_birth": null,
                  "reason_qualifier": null,
                },
                "mailing_address": null,
                "mass_id": null,
                "middle_name": null,
                "other_incomes": Array [],
                "payment_preference": null,
                "phone": Object {
                  "int_code": null,
                  "phone_number": null,
                  "phone_type": null,
                },
                "previous_leaves_other_reason": Array [],
                "previous_leaves_same_reason": Array [],
                "residential_address": Address {
                  "city": null,
                  "line_1": null,
                  "line_2": null,
                  "state": null,
                  "zip": null,
                },
                "status": "Started",
                "tax_identifier": null,
                "work_pattern": null,
              },
              BenefitsApplication {
                "application_id": "mock_application_id",
                "concurrent_leave": null,
                "created_at": null,
                "date_of_birth": "****-07-17",
                "employer_benefits": Array [],
                "employer_fein": "12-3456789",
                "employment_status": "Employed",
                "fineos_absence_id": "NTN-111-ABS-01",
                "first_name": "Jane",
                "gender": "Woman",
                "has_concurrent_leave": false,
                "has_continuous_leave_periods": true,
                "has_employer_benefits": false,
                "has_intermittent_leave_periods": null,
                "has_mailing_address": false,
                "has_other_incomes": false,
                "has_previous_leaves_other_reason": false,
                "has_previous_leaves_same_reason": false,
                "has_reduced_schedule_leave_periods": null,
                "has_state_id": true,
                "has_submitted_payment_preference": null,
                "hours_worked_per_week": 30,
                "last_name": "Doe",
                "leave_details": Object {
                  "caring_leave_metadata": null,
                  "child_birth_date": null,
                  "child_placement_date": null,
                  "continuous_leave_periods": Array [
                    ContinuousLeavePeriod {
                      "end_date": "2021-06-01",
                      "leave_period_id": "mock-leave-period-id",
                      "start_date": "2021-01-01",
                    },
                  ],
                  "employer_notification_date": "2021-01-01",
                  "employer_notified": true,
                  "has_future_child_date": null,
                  "pregnant_or_recent_birth": null,
                  "reason": "Serious Health Condition - Employee",
                  "reason_qualifier": null,
                },
                "mailing_address": null,
                "mass_id": "*********",
                "middle_name": "",
                "other_incomes": Array [],
                "payment_preference": null,
                "phone": Object {
                  "int_code": null,
                  "phone_number": "123-456-****",
                  "phone_type": "Cell",
                },
                "previous_leaves_other_reason": Array [],
                "previous_leaves_same_reason": Array [],
                "residential_address": Address {
                  "city": "Boston",
                  "line_1": "1234 My St.",
                  "line_2": null,
                  "state": "MA",
                  "zip": "00000",
                },
                "status": "Submitted",
                "tax_identifier": "***-**-****",
                "work_pattern": WorkPattern {
                  "work_pattern_days": Array [
                    WorkPatternDay {
                      "day_of_week": "Sunday",
                      "minutes": null,
                    },
                    WorkPatternDay {
                      "day_of_week": "Monday",
                      "minutes": null,
                    },
                    WorkPatternDay {
                      "day_of_week": "Tuesday",
                      "minutes": null,
                    },
                    WorkPatternDay {
                      "day_of_week": "Wednesday",
                      "minutes": null,
                    },
                    WorkPatternDay {
                      "day_of_week": "Thursday",
                      "minutes": null,
                    },
                    WorkPatternDay {
                      "day_of_week": "Friday",
                      "minutes": null,
                    },
                    WorkPatternDay {
                      "day_of_week": "Saturday",
                      "minutes": null,
                    },
                  ],
                  "work_pattern_type": "Fixed",
                },
              },
              BenefitsApplication {
                "application_id": "mock_application_id",
                "concurrent_leave": null,
                "created_at": null,
                "date_of_birth": "****-07-17",
                "employer_benefits": Array [],
                "employer_fein": "12-3456789",
                "employment_status": "Employed",
                "fineos_absence_id": "NTN-111-ABS-01",
                "first_name": "Jane",
                "gender": "Woman",
                "has_concurrent_leave": false,
                "has_continuous_leave_periods": true,
                "has_employer_benefits": false,
                "has_intermittent_leave_periods": null,
                "has_mailing_address": false,
                "has_other_incomes": false,
                "has_previous_leaves_other_reason": false,
                "has_previous_leaves_same_reason": false,
                "has_reduced_schedule_leave_periods": null,
                "has_state_id": true,
                "has_submitted_payment_preference": true,
                "hours_worked_per_week": 30,
                "last_name": "Doe",
                "leave_details": Object {
                  "caring_leave_metadata": null,
                  "child_birth_date": null,
                  "child_placement_date": null,
                  "continuous_leave_periods": Array [
                    ContinuousLeavePeriod {
                      "end_date": "2021-06-01",
                      "leave_period_id": "mock-leave-period-id",
                      "start_date": "2021-01-01",
                    },
                  ],
                  "employer_notification_date": "2021-01-01",
                  "employer_notified": true,
                  "has_future_child_date": null,
                  "pregnant_or_recent_birth": null,
                  "reason": "Serious Health Condition - Employee",
                  "reason_qualifier": null,
                },
                "mailing_address": null,
                "mass_id": "*********",
                "middle_name": "",
                "other_incomes": Array [],
                "payment_preference": Object {
                  "account_number": "091000022",
                  "bank_account_type": "Checking",
                  "payment_method": "Elec Funds Transfer",
                  "routing_number": "1234567890",
                },
                "phone": Object {
                  "int_code": null,
                  "phone_number": "123-456-****",
                  "phone_type": "Cell",
                },
                "previous_leaves_other_reason": Array [],
                "previous_leaves_same_reason": Array [],
                "residential_address": Address {
                  "city": "Boston",
                  "line_1": "1234 My St.",
                  "line_2": null,
                  "state": "MA",
                  "zip": "00000",
                },
                "status": "Completed",
                "tax_identifier": "***-**-****",
                "work_pattern": WorkPattern {
                  "work_pattern_days": Array [
                    WorkPatternDay {
                      "day_of_week": "Sunday",
                      "minutes": null,
                    },
                    WorkPatternDay {
                      "day_of_week": "Monday",
                      "minutes": null,
                    },
                    WorkPatternDay {
                      "day_of_week": "Tuesday",
                      "minutes": null,
                    },
                    WorkPatternDay {
                      "day_of_week": "Wednesday",
                      "minutes": null,
                    },
                    WorkPatternDay {
                      "day_of_week": "Thursday",
                      "minutes": null,
                    },
                    WorkPatternDay {
                      "day_of_week": "Friday",
                      "minutes": null,
                    },
                    WorkPatternDay {
                      "day_of_week": "Saturday",
                      "minutes": null,
                    },
                  ],
                  "work_pattern_type": "Fixed",
                },
              },
            ],
            "itemsById": Object {
              "mock_application_id": BenefitsApplication {
                "application_id": "mock_application_id",
                "concurrent_leave": null,
                "created_at": null,
                "date_of_birth": "****-07-17",
                "employer_benefits": Array [],
                "employer_fein": "12-3456789",
                "employment_status": "Employed",
                "fineos_absence_id": "NTN-111-ABS-01",
                "first_name": "Jane",
                "gender": "Woman",
                "has_concurrent_leave": false,
                "has_continuous_leave_periods": true,
                "has_employer_benefits": false,
                "has_intermittent_leave_periods": null,
                "has_mailing_address": false,
                "has_other_incomes": false,
                "has_previous_leaves_other_reason": false,
                "has_previous_leaves_same_reason": false,
                "has_reduced_schedule_leave_periods": null,
                "has_state_id": true,
                "has_submitted_payment_preference": true,
                "hours_worked_per_week": 30,
                "last_name": "Doe",
                "leave_details": Object {
                  "caring_leave_metadata": null,
                  "child_birth_date": null,
                  "child_placement_date": null,
                  "continuous_leave_periods": Array [
                    ContinuousLeavePeriod {
                      "end_date": "2021-06-01",
                      "leave_period_id": "mock-leave-period-id",
                      "start_date": "2021-01-01",
                    },
                  ],
                  "employer_notification_date": "2021-01-01",
                  "employer_notified": true,
                  "has_future_child_date": null,
                  "pregnant_or_recent_birth": null,
                  "reason": "Serious Health Condition - Employee",
                  "reason_qualifier": null,
                },
                "mailing_address": null,
                "mass_id": "*********",
                "middle_name": "",
                "other_incomes": Array [],
                "payment_preference": Object {
                  "account_number": "091000022",
                  "bank_account_type": "Checking",
                  "payment_method": "Elec Funds Transfer",
                  "routing_number": "1234567890",
                },
                "phone": Object {
                  "int_code": null,
                  "phone_number": "123-456-****",
                  "phone_type": "Cell",
                },
                "previous_leaves_other_reason": Array [],
                "previous_leaves_same_reason": Array [],
                "residential_address": Address {
                  "city": "Boston",
                  "line_1": "1234 My St.",
                  "line_2": null,
                  "state": "MA",
                  "zip": "00000",
                },
                "status": "Completed",
                "tax_identifier": "***-**-****",
                "work_pattern": WorkPattern {
                  "work_pattern_days": Array [
                    WorkPatternDay {
                      "day_of_week": "Sunday",
                      "minutes": null,
                    },
                    WorkPatternDay {
                      "day_of_week": "Monday",
                      "minutes": null,
                    },
                    WorkPatternDay {
                      "day_of_week": "Tuesday",
                      "minutes": null,
                    },
                    WorkPatternDay {
                      "day_of_week": "Wednesday",
                      "minutes": null,
                    },
                    WorkPatternDay {
                      "day_of_week": "Thursday",
                      "minutes": null,
                    },
                    WorkPatternDay {
                      "day_of_week": "Friday",
                      "minutes": null,
                    },
                    WorkPatternDay {
                      "day_of_week": "Saturday",
                      "minutes": null,
                    },
                  ],
                  "work_pattern_type": "Fixed",
                },
              },
            },
          },
          "complete": [Function],
          "create": [Function],
          "hasLoadedAll": true,
          "hasLoadedBenefitsApplicationAndWarnings": [Function],
          "load": [Function],
          "loadAll": [MockFunction],
          "submit": [Function],
          "submitPaymentPreference": [Function],
          "update": [Function],
          "warningsLists": Object {},
        },
        "catchError": [Function],
        "claims": Object {
          "activeFilters": Object {},
          "claims": ClaimCollection {
            "items": Array [],
            "itemsById": Object {},
          },
          "clearClaims": [Function],
          "isLoadingClaims": undefined,
          "loadPage": [Function],
          "paginationMeta": PaginationMeta {
            "order_by": undefined,
            "order_direction": undefined,
            "page_offset": undefined,
            "page_size": undefined,
            "total_pages": undefined,
            "total_records": undefined,
          },
        },
        "clearErrors": [Function],
        "clearRequiredFieldErrors": [Function],
        "documents": Object {
          "attach": [Function],
          "documents": DocumentCollection {
            "items": Array [],
            "itemsById": Object {},
          },
          "download": [Function],
          "hasLoadedClaimDocuments": [Function],
          "loadAll": [Function],
        },
        "employers": Object {
          "addEmployer": [Function],
          "claim": null,
          "documents": null,
          "downloadDocument": [Function],
          "loadClaim": [Function],
          "loadDocuments": [Function],
          "loadWithholding": [Function],
          "submitClaimReview": [Function],
          "submitWithholding": [Function],
        },
        "featureFlags": Object {
          "flags": Array [],
          "getFlag": [Function],
          "loadFlags": [Function],
        },
        "otherLeaves": Object {
          "removeEmployerBenefit": [Function],
          "removeOtherIncome": [Function],
          "removePreviousLeave": [Function],
        },
        "portalFlow": Object {
          "getNextPageRoute": [Function],
          "goTo": [Function],
          "goToNextPage": [Function],
          "goToPageFor": [Function],
          "page": Object {
            "meta": Object {},
            "on": Object {
              "CONTINUE": "/applications/upload-docs-options",
            },
          },
          "pathWithParams": "",
          "pathname": "/applications",
          "updateQuery": [Function],
        },
        "setAppErrors": [Function],
        "users": Object {
          "convertUser": [Function],
          "loadUser": [Function],
          "requireUserConsentToDataAgreement": [Function],
          "requireUserRole": [Function],
          "setUser": [Function],
          "updateUser": [Function],
          "user": User {
            "auth_id": null,
            "consented_to_data_sharing": true,
            "email_address": null,
            "roles": Array [],
            "status": null,
            "user_id": null,
            "user_leave_administrators": Array [],
          },
        },
      }
    }
    claim={
      BenefitsApplication {
        "application_id": "mock_application_id",
        "concurrent_leave": null,
        "created_at": null,
        "date_of_birth": "****-07-17",
        "employer_benefits": Array [],
        "employer_fein": "12-3456789",
        "employment_status": "Employed",
        "fineos_absence_id": "NTN-111-ABS-01",
        "first_name": "Jane",
        "gender": "Woman",
        "has_concurrent_leave": false,
        "has_continuous_leave_periods": true,
        "has_employer_benefits": false,
        "has_intermittent_leave_periods": null,
        "has_mailing_address": false,
        "has_other_incomes": false,
        "has_previous_leaves_other_reason": false,
        "has_previous_leaves_same_reason": false,
        "has_reduced_schedule_leave_periods": null,
        "has_state_id": true,
        "has_submitted_payment_preference": null,
        "hours_worked_per_week": 30,
        "last_name": "Doe",
        "leave_details": Object {
          "caring_leave_metadata": null,
          "child_birth_date": null,
          "child_placement_date": null,
          "continuous_leave_periods": Array [
            ContinuousLeavePeriod {
              "end_date": "2021-06-01",
              "leave_period_id": "mock-leave-period-id",
              "start_date": "2021-01-01",
            },
          ],
          "employer_notification_date": "2021-01-01",
          "employer_notified": true,
          "has_future_child_date": null,
          "pregnant_or_recent_birth": null,
          "reason": "Serious Health Condition - Employee",
          "reason_qualifier": null,
        },
        "mailing_address": null,
        "mass_id": "*********",
        "middle_name": "",
        "other_incomes": Array [],
        "payment_preference": null,
        "phone": Object {
          "int_code": null,
          "phone_number": "123-456-****",
          "phone_type": "Cell",
        },
        "previous_leaves_other_reason": Array [],
        "previous_leaves_same_reason": Array [],
        "residential_address": Address {
          "city": "Boston",
          "line_1": "1234 My St.",
          "line_2": null,
          "state": "MA",
          "zip": "00000",
        },
        "status": "Submitted",
        "tax_identifier": "***-**-****",
        "work_pattern": WorkPattern {
          "work_pattern_days": Array [
            WorkPatternDay {
              "day_of_week": "Sunday",
              "minutes": null,
            },
            WorkPatternDay {
              "day_of_week": "Monday",
              "minutes": null,
            },
            WorkPatternDay {
              "day_of_week": "Tuesday",
              "minutes": null,
            },
            WorkPatternDay {
              "day_of_week": "Wednesday",
              "minutes": null,
            },
            WorkPatternDay {
              "day_of_week": "Thursday",
              "minutes": null,
            },
            WorkPatternDay {
              "day_of_week": "Friday",
              "minutes": null,
            },
            WorkPatternDay {
              "day_of_week": "Saturday",
              "minutes": null,
            },
          ],
          "work_pattern_type": "Fixed",
        },
      }
    }
    key="mock_application_id"
    number={2}
  />,
  <ApplicationCard
    appLogic={
      Object {
        "_appErrorsLogic": Object {
          "catchError": [Function],
          "clearErrors": [Function],
          "clearRequiredFieldErrors": [Function],
          "setAppErrors": [Function],
        },
        "appErrors": AppErrorInfoCollection {
          "items": Array [],
          "itemsById": Object {},
        },
        "auth": Object {
          "authData": Object {},
          "createAccount": [Function],
          "createEmployerAccount": [Function],
          "forgotPassword": [Function],
          "isLoggedIn": null,
          "login": [Function],
          "logout": [Function],
          "requireLogin": [Function],
          "resendForgotPasswordCode": [Function],
          "resendVerifyAccountCode": [Function],
          "resetPassword": [Function],
          "verifyAccount": [Function],
        },
        "benefitsApplications": Object {
          "benefitsApplications": BenefitsApplicationCollection {
            "items": Array [
              BenefitsApplication {
                "application_id": "mock_application_id",
                "concurrent_leave": null,
                "created_at": null,
                "date_of_birth": null,
                "employer_benefits": Array [],
                "employer_fein": null,
                "employment_status": null,
                "fineos_absence_id": null,
                "first_name": null,
                "gender": null,
                "has_concurrent_leave": null,
                "has_continuous_leave_periods": null,
                "has_employer_benefits": null,
                "has_intermittent_leave_periods": null,
                "has_mailing_address": null,
                "has_other_incomes": null,
                "has_previous_leaves_other_reason": null,
                "has_previous_leaves_same_reason": null,
                "has_reduced_schedule_leave_periods": null,
                "has_state_id": null,
                "has_submitted_payment_preference": null,
                "hours_worked_per_week": null,
                "last_name": null,
                "leave_details": Object {
                  "caring_leave_metadata": null,
                  "child_birth_date": null,
                  "child_placement_date": null,
                  "employer_notified": null,
                  "has_future_child_date": null,
                  "pregnant_or_recent_birth": null,
                  "reason_qualifier": null,
                },
                "mailing_address": null,
                "mass_id": null,
                "middle_name": null,
                "other_incomes": Array [],
                "payment_preference": null,
                "phone": Object {
                  "int_code": null,
                  "phone_number": null,
                  "phone_type": null,
                },
                "previous_leaves_other_reason": Array [],
                "previous_leaves_same_reason": Array [],
                "residential_address": Address {
                  "city": null,
                  "line_1": null,
                  "line_2": null,
                  "state": null,
                  "zip": null,
                },
                "status": "Started",
                "tax_identifier": null,
                "work_pattern": null,
              },
              BenefitsApplication {
                "application_id": "mock_application_id",
                "concurrent_leave": null,
                "created_at": null,
                "date_of_birth": "****-07-17",
                "employer_benefits": Array [],
                "employer_fein": "12-3456789",
                "employment_status": "Employed",
                "fineos_absence_id": "NTN-111-ABS-01",
                "first_name": "Jane",
                "gender": "Woman",
                "has_concurrent_leave": false,
                "has_continuous_leave_periods": true,
                "has_employer_benefits": false,
                "has_intermittent_leave_periods": null,
                "has_mailing_address": false,
                "has_other_incomes": false,
                "has_previous_leaves_other_reason": false,
                "has_previous_leaves_same_reason": false,
                "has_reduced_schedule_leave_periods": null,
                "has_state_id": true,
                "has_submitted_payment_preference": null,
                "hours_worked_per_week": 30,
                "last_name": "Doe",
                "leave_details": Object {
                  "caring_leave_metadata": null,
                  "child_birth_date": null,
                  "child_placement_date": null,
                  "continuous_leave_periods": Array [
                    ContinuousLeavePeriod {
                      "end_date": "2021-06-01",
                      "leave_period_id": "mock-leave-period-id",
                      "start_date": "2021-01-01",
                    },
                  ],
                  "employer_notification_date": "2021-01-01",
                  "employer_notified": true,
                  "has_future_child_date": null,
                  "pregnant_or_recent_birth": null,
                  "reason": "Serious Health Condition - Employee",
                  "reason_qualifier": null,
                },
                "mailing_address": null,
                "mass_id": "*********",
                "middle_name": "",
                "other_incomes": Array [],
                "payment_preference": null,
                "phone": Object {
                  "int_code": null,
                  "phone_number": "123-456-****",
                  "phone_type": "Cell",
                },
                "previous_leaves_other_reason": Array [],
                "previous_leaves_same_reason": Array [],
                "residential_address": Address {
                  "city": "Boston",
                  "line_1": "1234 My St.",
                  "line_2": null,
                  "state": "MA",
                  "zip": "00000",
                },
                "status": "Submitted",
                "tax_identifier": "***-**-****",
                "work_pattern": WorkPattern {
                  "work_pattern_days": Array [
                    WorkPatternDay {
                      "day_of_week": "Sunday",
                      "minutes": null,
                    },
                    WorkPatternDay {
                      "day_of_week": "Monday",
                      "minutes": null,
                    },
                    WorkPatternDay {
                      "day_of_week": "Tuesday",
                      "minutes": null,
                    },
                    WorkPatternDay {
                      "day_of_week": "Wednesday",
                      "minutes": null,
                    },
                    WorkPatternDay {
                      "day_of_week": "Thursday",
                      "minutes": null,
                    },
                    WorkPatternDay {
                      "day_of_week": "Friday",
                      "minutes": null,
                    },
                    WorkPatternDay {
                      "day_of_week": "Saturday",
                      "minutes": null,
                    },
                  ],
                  "work_pattern_type": "Fixed",
                },
              },
              BenefitsApplication {
                "application_id": "mock_application_id",
                "concurrent_leave": null,
                "created_at": null,
                "date_of_birth": "****-07-17",
                "employer_benefits": Array [],
                "employer_fein": "12-3456789",
                "employment_status": "Employed",
                "fineos_absence_id": "NTN-111-ABS-01",
                "first_name": "Jane",
                "gender": "Woman",
                "has_concurrent_leave": false,
                "has_continuous_leave_periods": true,
                "has_employer_benefits": false,
                "has_intermittent_leave_periods": null,
                "has_mailing_address": false,
                "has_other_incomes": false,
                "has_previous_leaves_other_reason": false,
                "has_previous_leaves_same_reason": false,
                "has_reduced_schedule_leave_periods": null,
                "has_state_id": true,
                "has_submitted_payment_preference": true,
                "hours_worked_per_week": 30,
                "last_name": "Doe",
                "leave_details": Object {
                  "caring_leave_metadata": null,
                  "child_birth_date": null,
                  "child_placement_date": null,
                  "continuous_leave_periods": Array [
                    ContinuousLeavePeriod {
                      "end_date": "2021-06-01",
                      "leave_period_id": "mock-leave-period-id",
                      "start_date": "2021-01-01",
                    },
                  ],
                  "employer_notification_date": "2021-01-01",
                  "employer_notified": true,
                  "has_future_child_date": null,
                  "pregnant_or_recent_birth": null,
                  "reason": "Serious Health Condition - Employee",
                  "reason_qualifier": null,
                },
                "mailing_address": null,
                "mass_id": "*********",
                "middle_name": "",
                "other_incomes": Array [],
                "payment_preference": Object {
                  "account_number": "091000022",
                  "bank_account_type": "Checking",
                  "payment_method": "Elec Funds Transfer",
                  "routing_number": "1234567890",
                },
                "phone": Object {
                  "int_code": null,
                  "phone_number": "123-456-****",
                  "phone_type": "Cell",
                },
                "previous_leaves_other_reason": Array [],
                "previous_leaves_same_reason": Array [],
                "residential_address": Address {
                  "city": "Boston",
                  "line_1": "1234 My St.",
                  "line_2": null,
                  "state": "MA",
                  "zip": "00000",
                },
                "status": "Completed",
                "tax_identifier": "***-**-****",
                "work_pattern": WorkPattern {
                  "work_pattern_days": Array [
                    WorkPatternDay {
                      "day_of_week": "Sunday",
                      "minutes": null,
                    },
                    WorkPatternDay {
                      "day_of_week": "Monday",
                      "minutes": null,
                    },
                    WorkPatternDay {
                      "day_of_week": "Tuesday",
                      "minutes": null,
                    },
                    WorkPatternDay {
                      "day_of_week": "Wednesday",
                      "minutes": null,
                    },
                    WorkPatternDay {
                      "day_of_week": "Thursday",
                      "minutes": null,
                    },
                    WorkPatternDay {
                      "day_of_week": "Friday",
                      "minutes": null,
                    },
                    WorkPatternDay {
                      "day_of_week": "Saturday",
                      "minutes": null,
                    },
                  ],
                  "work_pattern_type": "Fixed",
                },
              },
            ],
            "itemsById": Object {
              "mock_application_id": BenefitsApplication {
                "application_id": "mock_application_id",
                "concurrent_leave": null,
                "created_at": null,
                "date_of_birth": "****-07-17",
                "employer_benefits": Array [],
                "employer_fein": "12-3456789",
                "employment_status": "Employed",
                "fineos_absence_id": "NTN-111-ABS-01",
                "first_name": "Jane",
                "gender": "Woman",
                "has_concurrent_leave": false,
                "has_continuous_leave_periods": true,
                "has_employer_benefits": false,
                "has_intermittent_leave_periods": null,
                "has_mailing_address": false,
                "has_other_incomes": false,
                "has_previous_leaves_other_reason": false,
                "has_previous_leaves_same_reason": false,
                "has_reduced_schedule_leave_periods": null,
                "has_state_id": true,
                "has_submitted_payment_preference": true,
                "hours_worked_per_week": 30,
                "last_name": "Doe",
                "leave_details": Object {
                  "caring_leave_metadata": null,
                  "child_birth_date": null,
                  "child_placement_date": null,
                  "continuous_leave_periods": Array [
                    ContinuousLeavePeriod {
                      "end_date": "2021-06-01",
                      "leave_period_id": "mock-leave-period-id",
                      "start_date": "2021-01-01",
                    },
                  ],
                  "employer_notification_date": "2021-01-01",
                  "employer_notified": true,
                  "has_future_child_date": null,
                  "pregnant_or_recent_birth": null,
                  "reason": "Serious Health Condition - Employee",
                  "reason_qualifier": null,
                },
                "mailing_address": null,
                "mass_id": "*********",
                "middle_name": "",
                "other_incomes": Array [],
                "payment_preference": Object {
                  "account_number": "091000022",
                  "bank_account_type": "Checking",
                  "payment_method": "Elec Funds Transfer",
                  "routing_number": "1234567890",
                },
                "phone": Object {
                  "int_code": null,
                  "phone_number": "123-456-****",
                  "phone_type": "Cell",
                },
                "previous_leaves_other_reason": Array [],
                "previous_leaves_same_reason": Array [],
                "residential_address": Address {
                  "city": "Boston",
                  "line_1": "1234 My St.",
                  "line_2": null,
                  "state": "MA",
                  "zip": "00000",
                },
                "status": "Completed",
                "tax_identifier": "***-**-****",
                "work_pattern": WorkPattern {
                  "work_pattern_days": Array [
                    WorkPatternDay {
                      "day_of_week": "Sunday",
                      "minutes": null,
                    },
                    WorkPatternDay {
                      "day_of_week": "Monday",
                      "minutes": null,
                    },
                    WorkPatternDay {
                      "day_of_week": "Tuesday",
                      "minutes": null,
                    },
                    WorkPatternDay {
                      "day_of_week": "Wednesday",
                      "minutes": null,
                    },
                    WorkPatternDay {
                      "day_of_week": "Thursday",
                      "minutes": null,
                    },
                    WorkPatternDay {
                      "day_of_week": "Friday",
                      "minutes": null,
                    },
                    WorkPatternDay {
                      "day_of_week": "Saturday",
                      "minutes": null,
                    },
                  ],
                  "work_pattern_type": "Fixed",
                },
              },
            },
          },
          "complete": [Function],
          "create": [Function],
          "hasLoadedAll": true,
          "hasLoadedBenefitsApplicationAndWarnings": [Function],
          "load": [Function],
          "loadAll": [MockFunction],
          "submit": [Function],
          "submitPaymentPreference": [Function],
          "update": [Function],
          "warningsLists": Object {},
        },
        "catchError": [Function],
        "claims": Object {
          "activeFilters": Object {},
          "claims": ClaimCollection {
            "items": Array [],
            "itemsById": Object {},
          },
          "clearClaims": [Function],
          "isLoadingClaims": undefined,
          "loadPage": [Function],
          "paginationMeta": PaginationMeta {
            "order_by": undefined,
            "order_direction": undefined,
            "page_offset": undefined,
            "page_size": undefined,
            "total_pages": undefined,
            "total_records": undefined,
          },
        },
        "clearErrors": [Function],
        "clearRequiredFieldErrors": [Function],
        "documents": Object {
          "attach": [Function],
          "documents": DocumentCollection {
            "items": Array [],
            "itemsById": Object {},
          },
          "download": [Function],
          "hasLoadedClaimDocuments": [Function],
          "loadAll": [Function],
        },
        "employers": Object {
          "addEmployer": [Function],
          "claim": null,
          "documents": null,
          "downloadDocument": [Function],
          "loadClaim": [Function],
          "loadDocuments": [Function],
          "loadWithholding": [Function],
          "submitClaimReview": [Function],
          "submitWithholding": [Function],
        },
        "featureFlags": Object {
          "flags": Array [],
          "getFlag": [Function],
          "loadFlags": [Function],
        },
        "otherLeaves": Object {
          "removeEmployerBenefit": [Function],
          "removeOtherIncome": [Function],
          "removePreviousLeave": [Function],
        },
        "portalFlow": Object {
          "getNextPageRoute": [Function],
          "goTo": [Function],
          "goToNextPage": [Function],
          "goToPageFor": [Function],
          "page": Object {
            "meta": Object {},
            "on": Object {
              "CONTINUE": "/applications/upload-docs-options",
            },
          },
          "pathWithParams": "",
          "pathname": "/applications",
          "updateQuery": [Function],
        },
        "setAppErrors": [Function],
        "users": Object {
          "convertUser": [Function],
          "loadUser": [Function],
          "requireUserConsentToDataAgreement": [Function],
          "requireUserRole": [Function],
          "setUser": [Function],
          "updateUser": [Function],
          "user": User {
            "auth_id": null,
            "consented_to_data_sharing": true,
            "email_address": null,
            "roles": Array [],
            "status": null,
            "user_id": null,
            "user_leave_administrators": Array [],
          },
        },
      }
    }
    claim={
      BenefitsApplication {
        "application_id": "mock_application_id",
        "concurrent_leave": null,
        "created_at": null,
        "date_of_birth": "****-07-17",
        "employer_benefits": Array [],
        "employer_fein": "12-3456789",
        "employment_status": "Employed",
        "fineos_absence_id": "NTN-111-ABS-01",
        "first_name": "Jane",
        "gender": "Woman",
        "has_concurrent_leave": false,
        "has_continuous_leave_periods": true,
        "has_employer_benefits": false,
        "has_intermittent_leave_periods": null,
        "has_mailing_address": false,
        "has_other_incomes": false,
        "has_previous_leaves_other_reason": false,
        "has_previous_leaves_same_reason": false,
        "has_reduced_schedule_leave_periods": null,
        "has_state_id": true,
        "has_submitted_payment_preference": true,
        "hours_worked_per_week": 30,
        "last_name": "Doe",
        "leave_details": Object {
          "caring_leave_metadata": null,
          "child_birth_date": null,
          "child_placement_date": null,
          "continuous_leave_periods": Array [
            ContinuousLeavePeriod {
              "end_date": "2021-06-01",
              "leave_period_id": "mock-leave-period-id",
              "start_date": "2021-01-01",
            },
          ],
          "employer_notification_date": "2021-01-01",
          "employer_notified": true,
          "has_future_child_date": null,
          "pregnant_or_recent_birth": null,
          "reason": "Serious Health Condition - Employee",
          "reason_qualifier": null,
        },
        "mailing_address": null,
        "mass_id": "*********",
        "middle_name": "",
        "other_incomes": Array [],
        "payment_preference": Object {
          "account_number": "091000022",
          "bank_account_type": "Checking",
          "payment_method": "Elec Funds Transfer",
          "routing_number": "1234567890",
        },
        "phone": Object {
          "int_code": null,
          "phone_number": "123-456-****",
          "phone_type": "Cell",
        },
        "previous_leaves_other_reason": Array [],
        "previous_leaves_same_reason": Array [],
        "residential_address": Address {
          "city": "Boston",
          "line_1": "1234 My St.",
          "line_2": null,
          "state": "MA",
          "zip": "00000",
        },
        "status": "Completed",
        "tax_identifier": "***-**-****",
        "work_pattern": WorkPattern {
          "work_pattern_days": Array [
            WorkPatternDay {
              "day_of_week": "Sunday",
              "minutes": null,
            },
            WorkPatternDay {
              "day_of_week": "Monday",
              "minutes": null,
            },
            WorkPatternDay {
              "day_of_week": "Tuesday",
              "minutes": null,
            },
            WorkPatternDay {
              "day_of_week": "Wednesday",
              "minutes": null,
            },
            WorkPatternDay {
              "day_of_week": "Thursday",
              "minutes": null,
            },
            WorkPatternDay {
              "day_of_week": "Friday",
              "minutes": null,
            },
            WorkPatternDay {
              "day_of_week": "Saturday",
              "minutes": null,
            },
          ],
          "work_pattern_type": "Fixed",
        },
      }
    }
    key="mock_application_id"
    number={3}
  />,
]
`;
