// Jest Snapshot v1, https://goo.gl/fbAQLP

exports[`Ssn renders the form 1`] = `
<QuestionPage
  onSave={[Function]}
  title="Your identification"
>
  <InputText
    hint="Don’t have a Social Security Number? Use your Individual Taxpayer Identification Number (ITIN)."
    label="What’s your Social Security Number?"
    mask="ssn"
    name="tax_identifier"
    onChange={[Function]}
    pii={true}
    value="*****1234"
  />
</QuestionPage>
`;
