// Jest Snapshot v1, https://goo.gl/fbAQLP

exports[`Ssn renders the form 1`] = `
<div>
  <form
    class="usa-form"
    method="post"
  >
    <h1
      class="js-title margin-top-0 margin-bottom-2 font-heading-sm line-height-sans-3"
      tabindex="-1"
    >
      Your identification
    </h1>
    <div
      class="usa-form-group"
    >
      <label
        class="usa-label text-bold font-heading-lg line-height-sans-3 margin-bottom-1 maxw-tablet"
        for="InputText1"
        id="InputText1_label"
      >
        What’s your Social Security Number?
      </label>
      <span
        class="display-block line-height-sans-5 measure-5 usa-intro"
        id="InputText1_hint"
      >
        Don’t have a Social Security Number? Use your Individual Taxpayer Identification Number (ITIN).
      </span>
      <div
        class=""
      >
        <input
          aria-labelledby="InputText1_label InputText1_hint InputText1_error"
          class="usa-input maxw-mobile-lg"
          id="InputText1"
          inputmode="numeric"
          name="tax_identifier"
          type="text"
          value="*****1234"
        />
      </div>
    </div>
    <button
      class="usa-button position-relative margin-top-4"
      type="submit"
    >
      Save and continue
    </button>
  </form>
</div>
`;
