// Jest Snapshot v1, https://goo.gl/fbAQLP

exports[`Start renders the page 1`] = `
<div>
  <form
    class="usa-form"
    method="post"
  >
    <h1
      class="js-title margin-top-0 margin-bottom-2 font-heading-lg line-height-sans-2"
      tabindex="-1"
    >
      Start your application
    </h1>
    <p>
      We use this application to determine the leave time and benefit amount you will receive.
    </p>
    <p>
      We need true answers to every question so that we can manage the program the way the law requires. You can read more about the 
      <a
        href="https://www.mass.gov/info-details/massachusetts-department-of-family-and-medical-leave-informed-consent-agreement"
        rel="noopener"
        target="_blank"
      >
        requirement to answer truthfully
      </a>
      .
    </p>
    <p>
      Please confirm that you will answer as truthfully as you can.
    </p>
    <div
      class="usa-alert usa-alert--info usa-alert--no-icon measure-6"
      role="region"
      tabindex="-1"
    >
      <div
        class="usa-alert__body"
      >
        <div
          class="usa-alert__text"
        >
          <p>
            I understand that I need to give true answers to all questions in order to receive and keep my paid leave benefits and job protections. I understand false answers may forfeit my rights to paid leave and may result in other penalties.
          </p>
          <button
            class="usa-button position-relative"
            name="new-claim"
            type="submit"
          >
            I understand and agree
          </button>
        </div>
      </div>
    </div>
  </form>
</div>
`;
