// Jest Snapshot v1, https://goo.gl/fbAQLP

exports[`UploadDocsOptions renders document options for leave reason: Serious Health Condition - Employee Adoption 1`] = `
Array [
  Object {
    "checked": false,
    "label": "Massachusetts driver’s license or ID",
    "value": "UPLOAD_MASS_ID",
  },
  Object {
    "checked": false,
    "label": "Different identification documentation",
    "value": "UPLOAD_ID",
  },
  Object {
    "checked": false,
    "label": "Certification of a Serious Health Condition",
    "value": "UPLOAD_CERTIFICATION",
  },
]
`;

exports[`UploadDocsOptions renders document options for leave reason: Serious Health Condition - Employee Newborn 1`] = `
Array [
  Object {
    "checked": false,
    "label": "Massachusetts driver’s license or ID",
    "value": "UPLOAD_MASS_ID",
  },
  Object {
    "checked": false,
    "label": "Different identification documentation",
    "value": "UPLOAD_ID",
  },
  Object {
    "checked": false,
    "label": "Certification of a Serious Health Condition",
    "value": "UPLOAD_CERTIFICATION",
  },
]
`;

exports[`UploadDocsOptions renders document options for leave reason: Serious Health Condition - Employee null 1`] = `
Array [
  Object {
    "checked": false,
    "label": "Massachusetts driver’s license or ID",
    "value": "UPLOAD_MASS_ID",
  },
  Object {
    "checked": false,
    "label": "Different identification documentation",
    "value": "UPLOAD_ID",
  },
  Object {
    "checked": false,
    "label": "Certification of a Serious Health Condition",
    "value": "UPLOAD_CERTIFICATION",
  },
]
`;
