// Jest Snapshot v1, https://goo.gl/fbAQLP

exports[`Cloudfront Lambda@Edge Function when eventType is viewer-response sets security headers 1`] = `
Object {
  "content-security-policy": Array [
    Object {
      "key": "Content-Security-Policy",
      "value": "default-src 'self' https:; script-src 'self' https://www.googletagmanager.com/ https://www.google-analytics.com/ https://js-agent.newrelic.com/ https://bam.nr-data.net/ 'sha256-6bOQFA12d94CECGI1FeXqgg7Dnk8aHUxum07Xs/GGbA=' 'sha256-5lXWtIB9qW9mx6Adr1BrKsJYWjJTZnDhXuZyYJlqQzE=' 'sha256-kuMZ4LjimNmsionsNpKxrnz2EzMJj1y/pq75KgD0fzY='; base-uri 'none'; form-action 'none'; img-src 'self' https://www.google-analytics.com/ blob:",
    },
  ],
  "referrer-policy": Array [
    Object {
      "key": "Referrer-Policy",
      "value": "strict-origin-when-cross-origin",
    },
  ],
  "strict-transport-security": Array [
    Object {
      "key": "Strict-Transport-Security",
      "value": "max-age=31536000",
    },
  ],
  "x-content-type-options": Array [
    Object {
      "key": "X-Content-Type-Options",
      "value": "nosniff",
    },
  ],
  "x-frame-options": Array [
    Object {
      "key": "X-Frame-Options",
      "value": "deny",
    },
  ],
  "x-xss-protection": Array [
    Object {
      "key": "X-XSS-Protection",
      "value": "1; mode=block",
    },
  ],
}
`;
