// Jest Snapshot v1, https://goo.gl/fbAQLP

exports[`Feedback renders the component 1`] = `
<Fragment>
  <form
    id="employer-feedback-form"
  >
    <InputChoiceGroup
      choices={
        Array [
          Object {
            "checked": true,
            "id": "No",
            "label": "No",
            "value": "No",
          },
          Object {
            "id": "Yes",
            "label": "Yes",
            "value": "Yes",
          },
        ]
      }
      label={
        <ReviewHeading
          level="2"
        >
          Do you have any additional comments or concerns?
        </ReviewHeading>
      }
      name="employer-review-options"
      onChange={[Function]}
      type="radio"
    />
    <ButtonLink
      className="margin-top-4"
      href="/employers/claims/success"
    >
      Submit
    </ButtonLink>
  </form>
</Fragment>
`;
