// Jest Snapshot v1, https://goo.gl/fbAQLP

exports[`LeaveDetails renders the component 1`] = `
<Fragment>
  <ReviewHeading
    level="2"
  >
    Leave details
  </ReviewHeading>
  <ReviewRow
    label="Nature of leave"
    level="3"
  >
    Medical leave
  </ReviewRow>
  <ReviewRow
    label="Application ID"
    level="3"
  >
    NTN-111-ABS-01
  </ReviewRow>
  <ReviewRow
    action={
      <AmendButton
        onClick={[Function]}
      />
    }
    label="Employer notified"
    level="3"
  >
    1/1/2021
    <ConditionalContent
      visible={false}
    >
      <AmendmentForm
        onCancel={[Function]}
      >
        <InputDate
          dayLabel="Day"
          label="When did the employee tell you about their expected leave?"
          monthLabel="Month"
          name="employer-notification-date-amendment"
          onChange={[Function]}
          smallLabel={true}
          value="2021-01-01"
          yearLabel="Year"
        />
      </AmendmentForm>
    </ConditionalContent>
  </ReviewRow>
  <ReviewRow
    label="Leave duration"
    level="3"
  >
    1/1/2021 – 6/1/2021
  </ReviewRow>
</Fragment>
`;
