// Jest Snapshot v1, https://goo.gl/fbAQLP

exports[`NewsBanner renders the component 1`] = `
<Alert
  heading="We're making it easier to manage paid leave applications"
  state="info"
>
  <p>
    <Trans
      components={
        Object {
          "learn-more-link": <a
            href="https://www.mass.gov/employer-dashboard"
            rel="noopener"
            target="_blank"
          />,
        }
      }
      i18nKey="components.newsBanner.body"
    />
  </p>
</Alert>
`;

exports[`NewsBanner renders the component 2`] = `"Soon you'll be able to see all the applications you need to review using our new dashboard. Over the next few months we'll be adding more features to the dashboard so you can easily find and manage paid leave applications."`;
