// Jest Snapshot v1, https://goo.gl/fbAQLP

exports[`App displaying errors displays errors that child pages set 1`] = `
AppErrorInfoCollection {
  "items": Array [
    AppErrorInfo {
      "field": null,
      "key": "mocked-for-snapshots",
      "message": "A test error happened",
      "name": null,
      "rule": null,
    },
  ],
  "itemsById": Object {
    "mocked-for-snapshots": AppErrorInfo {
      "field": null,
      "key": "mocked-for-snapshots",
      "message": "A test error happened",
      "name": null,
      "rule": null,
    },
  },
}
`;
