// Jest Snapshot v1, https://goo.gl/fbAQLP

exports[`Login renders the page 1`] = `
<Fragment>
  <form
    className="usa-form"
    method="post"
    onSubmit={[Function]}
  >
    <Title>
      Log in to your paid leave account
    </Title>
    <InputText
      label="Email address"
      name="username"
      onChange={[Function]}
      smallLabel={true}
      type="email"
      value=""
    />
    <InputPassword
      label="Password"
      name="password"
      onChange={[Function]}
      smallLabel={true}
      value=""
    />
    <p>
      <Link
        href="/forgot-password"
      >
        <a>
          Forgot your password?
        </a>
      </Link>
    </p>
    <Button
      loading={false}
      type="submit"
    >
      Log in
    </Button>
    <div
      className="border-top-2px border-base-lighter margin-top-4 padding-top-4 text-base-dark"
    >
      <div>
        <p>
          <Trans
            components={
              Object {
                "create-account-link": <a
                  className="display-inline-block"
                  href="/create-account"
                />,
              }
            }
            i18nKey="pages.authLogin.createClaimantAccount"
          />
        </p>
      </div>
      <p>
        <Trans
          components={
            Object {
              "contact-center-phone-link": <a
                href="tel:(833) 344-7365"
              />,
              "create-employer-account-link": <a
                className="display-inline-block"
                href="/employers/create-account"
              />,
            }
          }
          i18nKey="pages.authLogin.createEmployerAccount"
          tOptions={
            Object {
              "context": "contactCallCenter",
            }
          }
        />
      </p>
    </div>
  </form>
</Fragment>
`;

exports[`Login renders the page 2`] = `
<strong
  key="strong-0"
>
  Need to apply for paid leave? 
  <a
    className="display-inline-block"
    href="/create-account"
    key="1"
  >
    Create an account
  </a>
</strong>
`;

exports[`Login renders the page 3`] = `
Array [
  <strong
    key="strong-0"
  >
    Are you a Massachusetts employer?
  </strong>,
  " Call ",
  <a
    href="tel:(833) 344-7365"
    key="2"
  >
    (833) 344‑7365
  </a>,
  " to create an employer account.",
]
`;

exports[`Login when account-verified query param is true displays verification success message 1`] = `
<Alert
  className="margin-bottom-3"
  heading="Email successfully verified"
  name="account-verified-message"
  state="success"
>
  Thanks for verifying your email address. You may now log into your account.
</Alert>
`;

exports[`Login when session-timed-out query param is true displays session timed out info message 1`] = `
<Alert
  className="margin-bottom-3"
  heading="Session timed out"
  name="session-timed-out-message"
  state="info"
>
  You were logged out due to inactivity
</Alert>
`;
