// Jest Snapshot v1, https://goo.gl/fbAQLP

exports[`Exemption renders Exemption component 1`] = `
<Fragment>
  <Title>
    Your employer has their own paid leave plan
  </Title>
  <Lead>
    This plan meets or exceeds the benefits offered through the Commonwealth, so they do not participate in the Commonwealth's plan.
  </Lead>
  <Lead>
    Please contact your employer to learn how to request paid leave.
  </Lead>
  <Link
    href="/"
  >
    <a
      className="usa-button width-auto"
    >
      Back to Dashboard
    </a>
  </Link>
</Fragment>
`;
