// Jest Snapshot v1, https://goo.gl/fbAQLP

exports[`PaymentMethod renders the page 1`] = `
<QuestionPage
  onSave={[Function]}
  title="Payment method"
>
  <InputChoiceGroup
    choices={
      Array [
        Object {
          "checked": false,
          "label": "Direct deposit into my bank account",
          "value": "ACH",
        },
        Object {
          "checked": false,
          "hint": "You will receive your checks at the address you listed as your mailing address.",
          "label": "Paper check",
          "value": "Check",
        },
      ]
    }
    hint="The first payment will go out in mid-January 2021. Your choice will be applied to any previous claims you have submitted."
    label="How do you want to get your weekly benefit?"
    name="payment_preferences[0].payment_method"
    onChange={[Function]}
    type="radio"
    value=""
  />
  <ConditionalContent
    clearField={[Function]}
    fieldNamesClearedWhenHidden={
      Array [
        "payment_preferences[0].account_details.account_number",
        "payment_preferences[0].account_details.account_type",
        "payment_preferences[0].account_details.routing_number",
      ]
    }
    getField={[Function]}
    updateFields={[Function]}
    visible={false}
  >
    <Fieldset>
      <FormLabel
        component="legend"
      >
        Enter your bank account information
      </FormLabel>
      <Lead>
        We need this information so you can receive your weekly benefit through Direct Deposit. Contact your bank if you are having trouble finding this information.
      </Lead>
      <InputText
        hint="This is the 9-digit number found on the lower left corner of a check."
        inputMode="numeric"
        label="Routing number"
        name="payment_preferences[0].account_details.routing_number"
        onChange={[Function]}
        pii={true}
        smallLabel={true}
        value=""
        width="medium"
      />
      <InputText
        inputMode="numeric"
        label="Account number"
        name="payment_preferences[0].account_details.account_number"
        onChange={[Function]}
        pii={true}
        smallLabel={true}
        value=""
      />
      <InputChoiceGroup
        choices={
          Array [
            Object {
              "checked": false,
              "label": "Checking",
              "value": "Checking",
            },
            Object {
              "checked": false,
              "label": "Savings",
              "value": "Savings",
            },
          ]
        }
        label="Account type"
        name="payment_preferences[0].account_details.account_type"
        onChange={[Function]}
        smallLabel={true}
        type="radio"
        value=""
      />
    </Fieldset>
  </ConditionalContent>
</QuestionPage>
`;
