// Jest Snapshot v1, https://goo.gl/fbAQLP

exports[`ReducedLeaveSchedule when leave reason is Bonding renders lead with expected content 1`] = `"Enter the adjusted number of hours you will be working while taking leave. You can enter time in 15-minute increments if needed."`;

exports[`ReducedLeaveSchedule when leave reason is Medical renders lead with expected content 1`] = `
Array [
  "Enter the adjusted number of hours you will be working while taking leave. You can enter time in 15-minute increments if needed.",
  <br
    key="br-1"
  />,
  <br
    key="br-2"
  />,
  "Refer to Question 29 in the \\"Estimate leave details\\" section of the certification form (page 6).",
]
`;

exports[`ReducedLeaveSchedule when work pattern is a fixed schedule renders section label with expected content 1`] = `
<Heading
  level="2"
  size="1"
>
  How will your work hours change while you are on a reduced leave schedule?
</Heading>
`;

exports[`ReducedLeaveSchedule when work pattern is a fixed schedule renders the page with an input for each day 1`] = `
Array [
  <InputHours
    hoursLabel="Hours"
    key="input-hours-0"
    label="Sunday"
    minutesIncrement={15}
    minutesLabel="Minutes"
    name="leave_details.reduced_schedule_leave_periods[0].sunday_off_minutes"
    onChange={[Function]}
    smallLabel={true}
    value={null}
  />,
  <InputHours
    hoursLabel="Hours"
    key="input-hours-1"
    label="Monday"
    minutesIncrement={15}
    minutesLabel="Minutes"
    name="leave_details.reduced_schedule_leave_periods[0].monday_off_minutes"
    onChange={[Function]}
    smallLabel={true}
    value={390}
  />,
  <InputHours
    hoursLabel="Hours"
    key="input-hours-2"
    label="Tuesday"
    minutesIncrement={15}
    minutesLabel="Minutes"
    name="leave_details.reduced_schedule_leave_periods[0].tuesday_off_minutes"
    onChange={[Function]}
    smallLabel={true}
    value={null}
  />,
  <InputHours
    hoursLabel="Hours"
    key="input-hours-3"
    label="Wednesday"
    minutesIncrement={15}
    minutesLabel="Minutes"
    name="leave_details.reduced_schedule_leave_periods[0].wednesday_off_minutes"
    onChange={[Function]}
    smallLabel={true}
    value={null}
  />,
  <InputHours
    hoursLabel="Hours"
    key="input-hours-4"
    label="Thursday"
    minutesIncrement={15}
    minutesLabel="Minutes"
    name="leave_details.reduced_schedule_leave_periods[0].thursday_off_minutes"
    onChange={[Function]}
    smallLabel={true}
    value={null}
  />,
  <InputHours
    hoursLabel="Hours"
    key="input-hours-5"
    label="Friday"
    minutesIncrement={15}
    minutesLabel="Minutes"
    name="leave_details.reduced_schedule_leave_periods[0].friday_off_minutes"
    onChange={[Function]}
    smallLabel={true}
    value={480}
  />,
  <InputHours
    hoursLabel="Hours"
    key="input-hours-6"
    label="Saturday"
    minutesIncrement={15}
    minutesLabel="Minutes"
    name="leave_details.reduced_schedule_leave_periods[0].saturday_off_minutes"
    onChange={[Function]}
    smallLabel={true}
    value={null}
  />,
]
`;

exports[`ReducedLeaveSchedule when work pattern is a variable schedule renders a single field for gathering the schedule 1`] = `
<InputHours
  hoursLabel="Hours"
  label="Reduced weekly hours"
  minutesIncrement={15}
  minutesLabel="Minutes"
  name="totalMinutesOff"
  onChange={[Function]}
  smallLabel={true}
  value={870}
/>
`;

exports[`ReducedLeaveSchedule when work pattern is a variable schedule renders section label with expected content 1`] = `
<Heading
  level="2"
  size="1"
>
  How will your work hours change while you are on a reduced leave schedule?
</Heading>
`;
