// Jest Snapshot v1, https://goo.gl/fbAQLP

exports[`ScheduleVariable renders the form 1`] = `
<QuestionPage
  onSave={[Function]}
  title="Employment information"
>
  <InputHours
    hoursLabel="Hours"
    label="How many hours do you work on average per week?"
    minutesIncrement={15}
    minutesLabel="Minutes"
    name="work_pattern.work_pattern_days[0].minutes"
    onChange={[Function]}
    value={3360}
  />
</QuestionPage>
`;
