// Jest Snapshot v1, https://goo.gl/fbAQLP

exports[`StateId initially renders the page without an id field 1`] = `
<QuestionPage
  onSave={[Function]}
  title="Your identity"
>
  <InputChoiceGroup
    choices={
      Array [
        Object {
          "checked": false,
          "label": "Yes",
          "value": "true",
        },
        Object {
          "checked": false,
          "label": "No",
          "value": "false",
        },
      ]
    }
    label="Do you have a Massachusetts driver's license or ID card?"
    name="has_state_id"
    onChange={[Function]}
    type="radio"
    value=""
  />
  <ConditionalContent
    fieldNamesClearedWhenHidden={
      Array [
        "mass_id",
      ]
    }
    getField={[Function]}
    removeField={[Function]}
    updateFields={[Function]}
    visible={false}
  >
    <InputText
      clearInitialPii={true}
      label="Enter your license or ID number"
      name="mass_id"
      onChange={[Function]}
      value=""
    />
  </ConditionalContent>
</QuestionPage>
`;
