// Jest Snapshot v1, https://goo.gl/fbAQLP

exports[`NewApplication renders the page 1`] = `
<Fragment>
  <BackButton />
  <Title>
    New application from Jane Doe
  </Title>
  <Alert
    state="warning"
  >
    <Trans
      i18nKey="pages.employersClaimsNewApplication.instructionsFollowUpDate"
      values={
        Object {
          "date": "10/10/2020",
        }
      }
    />
  </Alert>
  <form
    className="usa-form"
    id="employer-verification-form"
    onSubmit={[Function]}
  >
    <InputChoiceGroup
      choices={
        Array [
          Object {
            "checked": false,
            "label": "Yes",
            "value": "true",
          },
          Object {
            "checked": false,
            "label": "No",
            "value": "false",
          },
        ]
      }
      label={
        <ReviewHeading
          level="2"
        >
          Are you the right person to respond to this application?
        </ReviewHeading>
      }
      name="hasReviewerVerified"
      onChange={[Function]}
      smallLabel={true}
      type="radio"
    />
    <StatusRow
      className="margin-top-2 padding-top-2"
      label="Employer ID number (EIN)"
    >
      12-3456789
    </StatusRow>
    <StatusRow
      label="Employee name"
    >
      Jane Doe
    </StatusRow>
    <StatusRow
      label="Social Security Number or Individual Taxpayer Identification Number"
    >
      ***-**-1234
    </StatusRow>
    <StatusRow
      label="Date of birth"
    >
      7/17/****
    </StatusRow>
    <ConditionalContent
      clearField={[Function]}
      getField={[Function]}
      updateFields={[Function]}
      visible={false}
    >
      <Heading
        level="2"
      >
        Start the review process
      </Heading>
      <Trans
        i18nKey="pages.employersClaimsNewApplication.instructions"
      />
      <Alert
        noIcon={true}
        state="info"
      >
        I understand that I need to give true answers to all questions in order to fulfill my responsibilities as a Massachusetts employer. I certify under penalty of perjury that my answers will be complete and accurate.
      </Alert>
      <Button
        type="submit"
      >
        Agree and submit
      </Button>
    </ConditionalContent>
  </form>
</Fragment>
`;
