// Jest Snapshot v1, https://goo.gl/fbAQLP

exports[`DateOfBirth renders the page 1`] = `
<QuestionPage
  formState={
    User {
      "cognitoUserId": null,
      "dateOfBirth": null,
      "firstName": null,
      "hasStateId": null,
      "lastName": null,
      "middleName": null,
      "ssn": null,
      "stateId": null,
      "userId": null,
    }
  }
  nextPage="/claims/state-id"
  onSave={[Function]}
  title="Who is taking leave"
>
  <InputDate
    dayLabel="Day"
    label="What's your birthdate?"
    monthLabel="Month"
    name="dateOfBirth"
    onChange={[Function]}
    value=""
    yearLabel="Year"
  />
</QuestionPage>
`;
