// Jest Snapshot v1, https://goo.gl/fbAQLP

exports[`EmployerBenefitCard renders fields for an EmployerBenefit instance 1`] = `
<Fragment>
  <InputChoiceGroup
    choices={
      Array [
        Object {
          "checked": false,
          "hint": "For example, vacation time, sick leave, or personal time",
          "label": "Accrued paid Leave",
          "value": "Paid Leave",
        },
        Object {
          "checked": false,
          "hint": "Also known as temporary disability insurance",
          "label": "Short-term disability insurance",
          "value": "Short Term Disability",
        },
        Object {
          "checked": false,
          "hint": "Also known as a permanent disability policy",
          "label": "Permanent disability insurance",
          "value": "Permanent Disability",
        },
        Object {
          "checked": false,
          "hint": "For example, a paid maternity leave policy",
          "label": "Family or medical leave insurance",
          "value": "Family or Medical Leave",
        },
      ]
    }
    label="What kind of benefit is it?"
    name="employer_benefits[0].benefit_type"
    onChange={[MockFunction]}
    smallLabel={true}
    type="radio"
  />
  <InputDate
    dayLabel="Day"
    hint="MM/DD/YYYY"
    label="When will you start using the benefit?"
    monthLabel="Month"
    name="employer_benefits[0].benefit_start_date"
    onChange={[MockFunction]}
    smallLabel={true}
    value=""
    yearLabel="Year"
  />
  <InputDate
    dayLabel="Day"
    hint="MM/DD/YYYY"
    label="When will you stop using the benefit?"
    monthLabel="Month"
    name="employer_benefits[0].benefit_end_date"
    onChange={[MockFunction]}
    smallLabel={true}
    value=""
    yearLabel="Year"
  />
  <ConditionalContent
    visible={false}
  >
    <InputText
      hint="For example, $250 every month"
      label="How much will you receive?"
      name="employer_benefits[0].benefit_amount_dollars"
      onChange={[MockFunction]}
      optionalText="(optional)"
      smallLabel={true}
      value=""
    />
  </ConditionalContent>
</Fragment>
`;

exports[`EmployerBenefitDetails when the user's claim has employer benefits renders the page 1`] = `
<QuestionPage
  onSave={[Function]}
  title="Other income and benefits"
>
  <Heading
    level="2"
    size="1"
  >
    Tell us about benefits you will receive from your employer.
  </Heading>
  <RepeatableFieldset
    addButtonLabel="Add another benefit"
    entries={
      Array [
        EmployerBenefit {
          "benefit_amount_dollars": null,
          "benefit_amount_frequency": null,
          "benefit_end_date": null,
          "benefit_start_date": null,
          "benefit_type": "paidLeave",
        },
      ]
    }
    headingPrefix="Benefit"
    onAddClick={[Function]}
    onRemoveClick={[Function]}
    removeButtonLabel="Remove benefit"
    render={[Function]}
  />
</QuestionPage>
`;
