// Jest Snapshot v1, https://goo.gl/fbAQLP

exports[`LeaveReasonPage renders the page 1`] = `
<QuestionPage
  formState={
    Object {
      "leave_details": Object {
        "reason": "Serious Health Condition - Employee",
      },
    }
  }
  nextPage="/claims/leave-dates?"
  onSave={[Function]}
  title="Leave type"
>
  <InputChoiceGroup
    choices={
      Array [
        Object {
          "checked": true,
          "hint": "Medical leave",
          "label": "I can’t work due to an illness, injury, or pregnancy.",
          "value": "Serious Health Condition - Employee",
        },
        Object {
          "checked": false,
          "hint": "Family leave",
          "label": "I need to bond with my child after birth or placement.",
          "value": "Child Bonding",
        },
        Object {
          "checked": false,
          "hint": "Family leave",
          "label": "I need to manage family affairs while a family member is on active duty in the armed forces.",
          "value": "Care For A Family Member",
        },
        Object {
          "checked": false,
          "hint": "Family leave",
          "label": "I need to care for a family member who serves in the armed forces.",
          "value": "Pregnancy/Maternity",
        },
      ]
    }
    label="Why do you need to take time off?"
    name="leave_details.reason"
    onChange={[Function]}
    type="radio"
  />
</QuestionPage>
`;
