// Jest Snapshot v1, https://goo.gl/fbAQLP

exports[`LeaveDates renders the page 1`] = `
<QuestionPage
  formState={
    Object {
      "leave_details": Object {
        "continuous_leave_periods": null,
      },
    }
  }
  nextPage="/claims/duration?"
  onSave={[Function]}
  title="Leave duration"
>
  <InputDate
    dayLabel="Day"
    hint="Your leave begins the day you stopped working."
    label="When do you expect your leave to begin?"
    monthLabel="Month"
    name="leave_details.continuous_leave_periods[0].start_date"
    onChange={[Function]}
    value=""
    yearLabel="Year"
  />
  <InputDate
    dayLabel="Day"
    label="When do you expect your leave will end?"
    monthLabel="Month"
    name="leave_details.continuous_leave_periods[0].end_date"
    onChange={[Function]}
    value=""
    yearLabel="Year"
  />
</QuestionPage>
`;
