// Jest Snapshot v1, https://goo.gl/fbAQLP

exports[`Name renders the connected component 1`] = `
<ContextProvider
  value={null}
>
  <Name
    formData={
      Object {
        "firstName": "Aquib",
        "lastName": "Khan",
        "middleName": "cricketer",
      }
    }
    store={
      Object {
        "dispatch": [Function],
        "getState": [Function],
        "replaceReducer": [Function],
        "subscribe": [Function],
        Symbol(observable): [Function],
      }
    }
    updateFieldFromEvent={[Function]}
  />
</ContextProvider>
`;

exports[`Name renders the page 1`] = `
<QuestionPage
  nextPage="/claims/date-of-birth"
  title="Who is taking leave"
>
  <FormLabel
    component="legend"
    hint="Fill out your name as it appears on official documents like your driver’s license or W-2."
  >
    What's your name?
  </FormLabel>
  <InputText
    label="First name"
    name="firstName"
    onChange={[MockFunction]}
    smallLabel={true}
    value=""
  />
  <InputText
    label="Middle name"
    name="middleName"
    onChange={[MockFunction]}
    optionalText="(optional)"
    smallLabel={true}
    value=""
  />
  <InputText
    label="Last name"
    name="lastName"
    onChange={[MockFunction]}
    smallLabel={true}
    value=""
  />
</QuestionPage>
`;
