// Jest Snapshot v1, https://goo.gl/fbAQLP

exports[`Ssn renders the form 1`] = `
<QuestionPage
  onSave={[Function]}
  title="Verify your identity"
>
  <InputText
    hint="Don't have an SSN? Use your Individual Taxpayer Identification Number (ITIN)."
    label="What's your Social Security Number?"
    mask="ssn"
    name="employee_ssn"
    onChange={[Function]}
    value="123-123-1234"
  />
</QuestionPage>
`;
