// Jest Snapshot v1, https://goo.gl/fbAQLP

exports[`Ssn renders the form 1`] = `
<QuestionPage
  formState={
    Claim {
      "application_id": "12345",
      "avg_weekly_hours_worked": null,
      "created_at": null,
      "duration_type": null,
      "employee_ssn": "123-123-1234",
      "first_name": null,
      "hours_off_needed": null,
      "last_name": null,
      "leave_details": Object {
        "employer_notified": null,
      },
      "leave_end_date": null,
      "leave_start_date": null,
      "leave_type": null,
      "middle_name": null,
    }
  }
  nextPage="/claims/leave-type?claim_id=12345"
  onSave={[Function]}
  title="Who is taking leave"
>
  <InputText
    hint="Don't have an SSN? Use your Individual Taxpayer Identification Number (ITIN)."
    label="What's your Social Security Number?"
    mask="ssn"
    name="employee_ssn"
    onChange={[Function]}
    value="123-123-1234"
  />
</QuestionPage>
`;
