// Jest Snapshot v1, https://goo.gl/fbAQLP

exports[`Ssn renders the form 1`] = `
<QuestionPage
  formState={
    User {
      "cognitoUserId": null,
      "dateOfBirth": null,
      "firstName": null,
      "hasStateId": null,
      "lastName": null,
      "middleName": null,
      "ssn": null,
      "stateId": null,
      "status": null,
      "userId": null,
    }
  }
  nextPage="/"
  onSave={[Function]}
  title="Who is taking leave"
>
  <InputText
    hint="Don't have an SSN? Use your Individual Taxpayer Identification Number (ITIN)."
    label="What's your Social Security Number?"
    name="ssn"
    onChange={[Function]}
    value=""
  />
</QuestionPage>
`;
