// Jest Snapshot v1, https://goo.gl/fbAQLP

exports[`ApplicationCard renders a card for the given application 1`] = `
<article
  className="maxw-mobile-lg border border-base-lighter margin-bottom-3"
>
  <div
    className="bg-base-lightest padding-3"
  >
    <Heading
      className="margin-bottom-05 margin-top-0"
      level="2"
    >
      Application 2
    </Heading>
  </div>
  <div
    className="padding-3"
  >
    <ButtonLink
      className="display-block margin-top-0"
      href="/claims/checklist?claim_id=mock_application_id"
    >
      Complete your application
    </ButtonLink>
  </div>
</article>
`;
