// Jest Snapshot v1, https://goo.gl/fbAQLP

exports[`DownloadableDocument renders document item 1`] = `
<button
  class="usa-button position-relative text-bold usa-button--unstyled"
  type="button"
>
  Other notice (PDF)
</button>
`;

exports[`DownloadableDocument renders document with icon and additional classname item 1`] = `
<button
  class="usa-button position-relative text-bold display-flex flex-align-center usa-button--unstyled"
  type="button"
>
  <svg
    aria-hidden="true"
    class="usa-icon--size-3"
    fill="currentColor"
    focusable="false"
    role="img"
  >
    <use
      xlink:href="/img/sprite.svg#file_present"
    />
  </svg>
  Other notice (PDF)
</button>
`;
