// Jest Snapshot v1, https://goo.gl/fbAQLP

exports[`ErrorBoundary when an error is thrown by a descendant component renders an Alert 1`] = `
<div
  class="usa-alert usa-alert--error"
  role="region"
  tabindex="-1"
>
  <div
    class="usa-alert__body"
  >
    <div
      class="usa-alert__text"
    >
      <p>
        Sorry, we encountered an unexpected error. If this continues to happen, you may call the Paid Family Leave Contact Center at (833) 344‑7365
      </p>
      <button
        class="usa-button position-relative"
        type="button"
      >
        Reload this page
      </button>
    </div>
  </div>
</div>
`;
