// Jest Snapshot v1, https://goo.gl/fbAQLP

exports[`Mask applies icon prefix to the child element when mask is currency 1`] = `
<div
  class="usa-input-group"
>
  <div
    aria-hidden="true"
    class="usa-input-prefix"
  >
    <svg
      aria-hidden="true"
      class="usa-icon"
      focusable="false"
      role="img"
    >
      <use
        xlink:href="/img/sprite.svg#attach_money"
      />
    </svg>
  </div>
  <input
    class="padding-left-0"
    inputmode="decimal"
    name="foo"
    type="text"
    value="123456789"
  />
</div>
`;

exports[`Mask renders ssn mask 1`] = `
<div
  class=""
>
  <input
    class=""
    inputmode="numeric"
    name="foo"
    type="text"
    value=""
  />
</div>
`;
