// Jest Snapshot v1, https://goo.gl/fbAQLP

exports[`PageWrapper renders Spinner when isLoading is true 1`] = `
<section
  class="margin-top-8 text-center"
  id="page"
>
  <span
    aria-valuetext="Loading"
    class="c-spinner"
    role="progressbar"
  />
</section>
`;

exports[`PageWrapper renders the children as the page's body 1`] = `
<section
  id="page"
>
  <div>
    Page
  </div>
</section>
`;

exports[`PageWrapper sets description meta tag 1`] = `
<meta
  content="Apply for this Commonwealth-offered benefit here, or log in to review your applications."
  name="description"
/>
`;
