// Jest Snapshot v1, https://goo.gl/fbAQLP

exports[`ReviewRow when editHref is defined renders with an edit link 1`] = `
<div
  className="margin-bottom-2 padding-bottom-2 display-flex flex-justify border-bottom-2px border-base-lighter"
>
  <div
    className="margin-right-2"
  >
    <Heading
      className="margin-bottom-1"
      level="3"
      size="4"
    >
      Leave type
    </Heading>
    Medical
  </div>
  <Link
    href="/name"
  >
    <a
      aria-label="Edit name: Leave type"
      className="usa-link"
    >
      Edit name
    </a>
  </Link>
</div>
`;
