// Jest Snapshot v1, https://goo.gl/fbAQLP

exports[`StepList renders component 1`] = `
<div
  className="margin-bottom-8"
>
  <Heading
    level="2"
    size="1"
  >
    Step List
  </Heading>
  <Step
    completedText="Completed"
    editText="Edit"
    editable={true}
    key=".0"
    number={1}
    resumeScreenReaderText="Continue with"
    resumeText="Resume"
    screenReaderNumberPrefix="Step"
    startText="Start"
    status="not_started"
    stepHref="#"
    title="Step 1"
  >
    Step Description
  </Step>
</div>
`;
