// Jest Snapshot v1, https://goo.gl/fbAQLP

exports[`WeeklyTimeTable hides minutes from the time if minutes are 0 1`] = `
<tbody>
  <tr
    key="0"
  >
    <td
      key="0"
    >
      0h
    </td>
    <td
      key="0"
    >
      0h 15m
    </td>
    <td
      key="0"
    >
      1h
    </td>
    <td
      key="0"
    >
      1h 15m
    </td>
    <td
      key="0"
    >
      1h 30m
    </td>
    <td
      key="0"
    >
      1h 45m
    </td>
    <td
      key="0"
    >
      2h
    </td>
  </tr>
</tbody>
`;

exports[`WeeklyTimeTable renders day names in the header 1`] = `
<thead>
  <tr>
    <th>
      Sun
    </th>
    <th>
      Mon
    </th>
    <th>
      Tues
    </th>
    <th>
      Wed
    </th>
    <th>
      Thur
    </th>
    <th>
      Fri
    </th>
    <th>
      Sat
    </th>
  </tr>
</thead>
`;
